SQL> 
SQL> set define off
SQL> 
SQL> SET SQLBLANKLINES ON
SQL> 
SQL> SET ERRORLOGGING ON
SQL> 
SQL> SET ERRORLOGGING ON IDENTIFIER 'dd9a1586-2515-4896-8023-c29819bf293f'
SQL> set linesize 1000;
SQL> SELECT sys_context('userenv','server_host') as DATICAL_TRACEFILE_HOSTNAME from dual;

DATICAL_TRACEFILE_HOSTNAME                                                                                                                                                                                                                                                                                                                                                                                                                                                                                                                                                                                                                                                                                                                                                                                                                                                                                                                                                                                                              
----------------------------------------------------------------------------------------------------------------------------------------------------------------------------------------------------------------------------------------------------------------                                                                                                                                                                                                                                                                                                                                                                                                                                                                                                                                                                                                                                                                                                                                                                        
testuser1-pc                                                                                                                                                                                                                                                                                                                                                                                                                                                                                                                                                                                                                                                                                                                                                                                                                                                                                                                                                                                                                            

SQL> alter session set timed_statistics = true;

Session altered.

SQL> alter session set tracefile_identifier =  '20190110160116667';

Session altered.

SQL> alter session set max_dump_file_size = unlimited;

Session altered.

SQL> alter session set events '10046 trace name context forever, level 1';

Session altered.

SQL> SELECT value as DATICAL_TRACE_FILE FROM v$diag_info WHERE name = 'Default Trace File';

DATICAL_TRACE_FILE                                                                                                                                                                                                                                                                                                                                                                                                                                                                                                                                                                                                                                                                                                                                                                                                                                                                                                                                                                                                                      
--------------------------------------------------------------------------------------------------------------------------------------------------------------------------------------------------------------------------------------------------------------------------------------------------------------------------------------------------------------------------------------------------------------------------------------------------------------------------------------------------------------------------------                                                                                                                                                                                                                                                                                                                                                                                                                                                                                                        
c:\app\testuser1\diag\rdbms\orcl\orcl\trace\orcl_ora_2568_20190110160116667.trc                                                                                                                                                                                                                                                                                                                                                                                                                                                                                                                                                                                                                                                                                                                                                                                                                                                                                                                                                         

SQL> ALTER SESSION SET CURRENT_SCHEMA = intuser;

Session altered.

SQL> ALTER SESSION SET CURSOR_SHARING = EXACT;

Session altered.

SQL> CREATE TABLE "INTUSER"."table_t1_10_01_2019_3_45" ("COLUMN1_someName" INTEGER, "yyyyyy_COLUMN2" INTEGER);

Table created.

SQL> alter session set events '10046 trace name context off';

Session altered.

SQL> 
SQL> set define on
SQL> 
SQL> spool off
