SQL> 
SQL> set define off
SQL> 
SQL> SET SQLBLANKLINES ON
SQL> 
SQL> SET ERRORLOGGING ON
SQL> 
SQL> SET ERRORLOGGING ON IDENTIFIER '654c9be3-b63c-438f-a499-7da58c450487'
SQL> set linesize 1000;
SQL> SELECT sys_context('userenv','server_host') as DATICAL_TRACEFILE_HOSTNAME from dual;

DATICAL_TRACEFILE_HOSTNAME                                                                                                                                                                                                                                                                                                                                                                                                                                                                                                                                                                                                                                                                                                                                                                                                                                                                                                                                                                                                              
----------------------------------------------------------------------------------------------------------------------------------------------------------------------------------------------------------------------------------------------------------------                                                                                                                                                                                                                                                                                                                                                                                                                                                                                                                                                                                                                                                                                                                                                                        
testuser1-pc                                                                                                                                                                                                                                                                                                                                                                                                                                                                                                                                                                                                                                                                                                                                                                                                                                                                                                                                                                                                                            

SQL> alter session set timed_statistics = true;

Session altered.

SQL> alter session set tracefile_identifier =  '20190807170343494';

Session altered.

SQL> alter session set max_dump_file_size = unlimited;

Session altered.

SQL> alter session set events '10046 trace name context forever, level 1';

Session altered.

SQL> SELECT value as DATICAL_TRACE_FILE FROM v$diag_info WHERE name = 'Default Trace File';

DATICAL_TRACE_FILE                                                                                                                                                                                                                                                                                                                                                                                                                                                                                                                                                                                                                                                                                                                                                                                                                                                                                                                                                                                                                      
--------------------------------------------------------------------------------------------------------------------------------------------------------------------------------------------------------------------------------------------------------------------------------------------------------------------------------------------------------------------------------------------------------------------------------------------------------------------------------------------------------------------------------                                                                                                                                                                                                                                                                                                                                                                                                                                                                                                        
c:\app\testuser1\diag\rdbms\orcl\orcl\trace\orcl_ora_660_20190807170343494.trc                                                                                                                                                                                                                                                                                                                                                                                                                                                                                                                                                                                                                                                                                                                                                                                                                                                                                                                                                          

SQL> ALTER SESSION SET CURRENT_SCHEMA = intuser;

Session altered.

SQL> ALTER SESSION SET CURSOR_SHARING = EXACT;

Session altered.

SQL> CREATE TABLE "INTUSER"."table_t1_07_08_2019_16_57" ("COLUMN1_someName" INTEGER, "yyyyyy_COLUMN2" INTEGER);

Table created.

SQL> alter session set events '10046 trace name context off';

Session altered.

SQL> 
SQL> set define on
SQL> 
SQL> spool off
